/*
 * Licensed to the Apache Software Foundation (ASF) under one
 * or more contributor license agreements.  See the NOTICE file
 * distributed with this work for additional information
 * regarding copyright ownership.  The ASF licenses this file
 * to you under the Apache License, Version 2.0 (the
 * "License"); you may not use this file except in compliance
 * with the License.  You may obtain a copy of the License at
 *
 * http://www.apache.org/licenses/LICENSE-2.0
 *
 * Unless required by applicable law or agreed to in writing,
 * software distributed under the License is distributed on an
 * "AS IS" BASIS, WITHOUT WARRANTIES OR CONDITIONS OF ANY
 * KIND, either express or implied.  See the License for the
 * specific language governing permissions and limitations
 * under the License.
 */
LOAD 'age';
SET search_path TO ag_catalog;
-- Exercise the supported extension upgrade path instead of inspecting only
-- the already-installed default version.
DROP EXTENSION age CASCADE;
CREATE EXTENSION age VERSION '1.0.0';
SET search_path TO ag_catalog;
CREATE ROLE age_upgrade_probe PASSWORD 'Gauss_123';
SELECT extversion AS version_before_upgrade
FROM pg_extension
WHERE extname = 'age';
 version_before_upgrade 
------------------------
 1.0.0
(1 row)

SELECT pg_catalog.has_function_privilege(
           'age_upgrade_probe',
           'ag_catalog.load_labels_from_file(name,name,text,boolean)',
           'EXECUTE') AS loader_public_before_upgrade;
 loader_public_before_upgrade 
------------------------------
 t
(1 row)

ALTER EXTENSION age UPDATE TO '1.0.1';
SELECT extversion AS version_after_upgrade
FROM pg_extension
WHERE extname = 'age';
 version_after_upgrade 
-----------------------
 1.0.1
(1 row)

SELECT count(*) = 0 AS legacy_loader_signatures_removed
FROM pg_catalog.pg_proc proc
JOIN pg_catalog.pg_namespace namespace
  ON namespace.oid = proc.pronamespace
WHERE namespace.nspname = 'ag_catalog'
  AND ((proc.proname = 'load_labels_from_file'
        AND proc.pronargs = 4)
       OR (proc.proname = 'load_edges_from_file'
           AND proc.pronargs = 3));
 legacy_loader_signatures_removed 
----------------------------------
 t
(1 row)

SELECT count(*) = 2 AS current_loader_signatures_present
FROM pg_catalog.pg_proc proc
JOIN pg_catalog.pg_namespace namespace
  ON namespace.oid = proc.pronamespace
WHERE namespace.nspname = 'ag_catalog'
  AND ((proc.proname = 'load_labels_from_file'
        AND proc.pronargs = 6)
       OR (proc.proname = 'load_edges_from_file'
           AND proc.pronargs = 5));
 current_loader_signatures_present 
-----------------------------------
 t
(1 row)

SELECT NOT pg_catalog.has_function_privilege(
               'age_upgrade_probe',
               'ag_catalog.load_labels_from_file(name,name,text,boolean,boolean,text)',
               'EXECUTE')
       AND NOT pg_catalog.has_function_privilege(
               'age_upgrade_probe',
               'ag_catalog.load_edges_from_file(name,name,text,boolean,text)',
               'EXECUTE') AS loaders_restricted_after_upgrade;
 loaders_restricted_after_upgrade 
----------------------------------
 t
(1 row)

SELECT EXISTS (
    SELECT 1
    FROM pg_catalog.pg_proc p
    JOIN pg_catalog.pg_namespace n
      ON n.oid = p.pronamespace
    WHERE n.nspname = 'ag_catalog'
      AND p.proname = 'graph_exists'
      AND p.pronargs = 1
) AS graph_exists_created_by_upgrade;
 graph_exists_created_by_upgrade 
---------------------------------
 t
(1 row)

SELECT EXISTS (
    SELECT 1
    FROM pg_catalog.pg_operator o
    JOIN pg_catalog.pg_namespace n
      ON n.oid = o.oprnamespace
    WHERE n.nspname = 'ag_catalog'
      AND o.oprname = '=~'
      AND o.oprleft = 'ag_catalog.agtype'::regtype
      AND o.oprright = 'ag_catalog.agtype'::regtype
) AS regex_operator_created_by_upgrade;
 regex_operator_created_by_upgrade 
-----------------------------------
 t
(1 row)

SELECT graph_exists('upgrade_graph_probe');
 graph_exists 
--------------
 false
(1 row)

SELECT create_graph('upgrade_graph_probe');
NOTICE:  graph "upgrade_graph_probe" has been created
CONTEXT:  referenced column: create_graph
 create_graph 
--------------
 
(1 row)

SELECT graph_exists('upgrade_graph_probe');
 graph_exists 
--------------
 true
(1 row)

SELECT '"upgrade"'::agtype OPERATOR(ag_catalog.=~) '"up.*"'::agtype;
 ?column? 
----------
 true
(1 row)

SELECT drop_graph('upgrade_graph_probe', true);
NOTICE:  drop cascades to 2 other objects
DETAIL:  drop cascades to table upgrade_graph_probe._ag_label_vertex
drop cascades to table upgrade_graph_probe._ag_label_edge
CONTEXT:  referenced column: drop_graph
NOTICE:  graph "upgrade_graph_probe" has been dropped
CONTEXT:  referenced column: drop_graph
 drop_graph 
------------
 
(1 row)

SELECT EXISTS (
    SELECT 1
    FROM pg_catalog.pg_proc p
    JOIN pg_catalog.pg_depend d
      ON d.classid = 'pg_proc'::regclass
     AND d.objid = p.oid
     AND d.deptype = 'e'
    WHERE p.oid = 'ag_catalog.graph_exists(name)'::regprocedure
      AND d.refclassid = 'pg_extension'::regclass
      AND d.refobjid = (SELECT oid
                                 FROM pg_catalog.pg_extension
                                 WHERE extname = 'age')
) AS graph_exists_is_extension_member;
 graph_exists_is_extension_member 
----------------------------------
 t
(1 row)

SELECT EXISTS (
    SELECT 1
    FROM pg_catalog.pg_operator o
    JOIN pg_catalog.pg_namespace n
      ON n.oid = o.oprnamespace
    JOIN pg_catalog.pg_depend d
      ON d.classid = 'pg_operator'::regclass
     AND d.objid = o.oid
     AND d.deptype = 'e'
    WHERE n.nspname = 'ag_catalog'
      AND o.oprname = '=~'
      AND o.oprleft = 'ag_catalog.agtype'::regtype
      AND o.oprright = 'ag_catalog.agtype'::regtype
      AND d.refclassid = 'pg_extension'::regclass
      AND d.refobjid = (SELECT oid
                                 FROM pg_catalog.pg_extension
                                 WHERE extname = 'age')
) AS regex_operator_is_extension_member;
 regex_operator_is_extension_member 
------------------------------------
 t
(1 row)

DROP ROLE age_upgrade_probe;
SELECT installed_version, default_version
FROM pg_available_extensions
WHERE name = 'age';
 installed_version | default_version 
-------------------+-----------------
 1.0.1             | 1.0.1
(1 row)

SELECT count(*) AS available_versions
FROM pg_available_extension_versions
WHERE name = 'age';
 available_versions 
--------------------
                  2
(1 row)

SELECT count(*) > 0 AS has_functions
FROM pg_proc
WHERE pronamespace = (SELECT oid FROM pg_namespace WHERE nspname = 'ag_catalog');
 has_functions 
---------------
 t
(1 row)

SELECT count(*) > 0 AS has_types
FROM pg_type
WHERE typnamespace = (SELECT oid FROM pg_namespace WHERE nspname = 'ag_catalog')
  AND typname NOT LIKE 'pg_toast%';
 has_types 
-----------
 t
(1 row)

SELECT count(*) > 0 AS has_operators
FROM pg_operator
WHERE oprnamespace = (SELECT oid FROM pg_namespace WHERE nspname = 'ag_catalog');
 has_operators 
---------------
 t
(1 row)

SELECT count(*) > 0 AS has_extension_members
FROM pg_depend d
WHERE d.deptype = 'e'
  AND d.refclassid = 'pg_extension'::regclass
  AND d.refobjid = (SELECT oid FROM pg_extension WHERE extname = 'age');
 has_extension_members 
-----------------------
 t
(1 row)

-- A fresh install must attach every SQL-visible function implemented by
-- age.so to the extension.  Otherwise DROP EXTENSION can leave executable
-- objects behind, or an install assembled from stale SQL can silently omit
-- ownership metadata.
\pset tuples_only true
SELECT count(*) = 0 AS all_c_functions_are_members
FROM pg_proc p
WHERE p.probin = '$libdir/age'
  AND NOT EXISTS (
      SELECT 1
      FROM pg_depend d
      WHERE d.classid = 'pg_proc'::regclass
        AND d.objid = p.oid
        AND d.refclassid = 'pg_extension'::regclass
        AND d.refobjid = (SELECT oid
                          FROM pg_extension
                          WHERE extname = 'age')
        AND d.deptype = 'e'
  );
 t

SELECT count(*) = 0 AS no_c_functions_outside_ag_catalog
FROM pg_proc p
JOIN pg_namespace n ON n.oid = p.pronamespace
WHERE p.probin = '$libdir/age'
  AND n.nspname <> 'ag_catalog';
 t

SELECT e.extowner = n.nspowner AS schema_owner_matches_extension
FROM pg_extension e
JOIN pg_namespace n ON n.nspname = 'ag_catalog'
WHERE e.extname = 'age';
 t

WITH expected_immutable_function(function_name) AS (
    VALUES
        ('graphid_eq'),
        ('graphid_ne'),
        ('graphid_lt'),
        ('_agtype_build_vertex'),
        ('_agtype_build_edge'),
        ('age_id'),
        ('age_start_id'),
        ('age_end_id'),
        ('age_head'),
        ('age_last'),
        ('age_properties'),
        ('age_length'),
        ('age_toboolean'),
        ('age_tofloat'),
        ('age_reverse'),
        ('age_toupper'),
        ('age_tolower'),
        ('age_ltrim'),
        ('age_rtrim'),
        ('age_trim'),
        ('age_right'),
        ('age_left'),
        ('age_substring'),
        ('age_split'),
        ('age_replace'),
        ('age_sin'),
        ('age_cos'),
        ('age_tan'),
        ('age_cot'),
        ('age_asin'),
        ('age_acos'),
        ('age_atan2'),
        ('age_degrees'),
        ('age_radians'),
        ('age_floor'),
        ('age_log10'),
        ('age_e'),
        ('age_exp'),
        ('age_sqrt'),
        ('agtype_typecast_int'),
        ('agtype_typecast_numeric'),
        ('agtype_typecast_float'),
        ('agtype_typecast_vertex'),
        ('agtype_typecast_edge'),
        ('agtype_typecast_path'),
        ('age_atan'),
        ('age_round'),
        ('age_ceil'),
        ('age_range'),
        ('age_unnest'),
        ('age_tointeger'),
        ('age_tostring'),
        ('age_size'),
        ('age_tobooleanlist'),
        ('age_tail')
)
SELECT count(*) = 55 AND bool_and(p.provolatile = 'i')
       AS migrated_functions_are_immutable
FROM expected_immutable_function expected
JOIN pg_proc p ON p.proname = expected.function_name
JOIN pg_namespace n ON n.oid = p.pronamespace
WHERE n.nspname = 'ag_catalog';
 t

SELECT count(*) = 2
       AND count(DISTINCT c.relname) = 2
       AND bool_and(c.relname IN ('ag_graph', 'ag_label'))
       AS catalog_tables_are_extension_config
FROM pg_extension e,
     unnest(e.extconfig) AS configured_table(configured_table_oid)
JOIN pg_class c ON c.oid = configured_table.configured_table_oid
WHERE e.extname = 'age';
 t

\pset tuples_only false
SELECT tgname, tgenabled = 'A' AS fires_during_restore
FROM pg_catalog.pg_trigger
WHERE tgrelid IN ('ag_catalog.ag_graph'::regclass,
                  'ag_catalog.ag_label'::regclass)
  AND tgname IN ('trigger_ag_graph_restore', 'trigger_ag_label_restore')
ORDER BY tgname;
          tgname          | fires_during_restore 
--------------------------+----------------------
 trigger_ag_graph_restore | t
 trigger_ag_label_restore | t
(2 rows)

BEGIN;
CREATE SCHEMA age_restore_probe;
CREATE TABLE age_restore_probe.probe_label (id integer);
INSERT INTO ag_catalog.ag_graph (name, namespaceoid)
VALUES ('age_restore_probe',
        (SELECT oid FROM pg_catalog.pg_namespace WHERE nspname = 'pg_catalog'));
SELECT g.namespaceoid = n.oid AS graph_namespace_rebound
FROM ag_catalog.ag_graph g
JOIN pg_catalog.pg_namespace n ON n.nspname = g.name
WHERE g.name = 'age_restore_probe';
 graph_namespace_rebound 
-------------------------
 t
(1 row)

INSERT INTO ag_catalog.ag_label (name, graph, id, kind, relation)
VALUES ('probe_label', 1, 65000, 'v', 'age_restore_probe.probe_label'::regclass);
SELECT l.graph = g.oid AS label_graph_rebound
FROM ag_catalog.ag_label l
JOIN ag_catalog.ag_graph g ON g.name = 'age_restore_probe'
WHERE l.name = 'probe_label';
 label_graph_rebound 
---------------------
 t
(1 row)

ROLLBACK;
SELECT EXISTS (
    SELECT 1
    FROM pg_available_extension_versions
    WHERE name = 'age'
      AND version = '1.0.0'
) AND EXISTS (
    SELECT 1
    FROM pg_available_extension_versions
    WHERE name = 'age'
      AND version = '1.0.1'
) AS supported_upgrade_versions_present;
 supported_upgrade_versions_present 
------------------------------------
 t
(1 row)

