/*
 * Licensed to the Apache Software Foundation (ASF) under one
 * or more contributor license agreements.  See the NOTICE file
 * distributed with this work for additional information
 * regarding copyright ownership.  The ASF licenses this file
 * to you under the Apache License, Version 2.0 (the
 * "License"); you may not use this file except in compliance
 * with the License.  You may obtain a copy of the License at
 *
 * http://www.apache.org/licenses/LICENSE-2.0
 *
 * Unless required by applicable law or agreed to in writing,
 * software distributed under the License is distributed on an
 * "AS IS" BASIS, WITHOUT WARRANTIES OR CONDITIONS OF ANY
 * KIND, either express or implied.  See the License for the
 * specific language governing permissions and limitations
 * under the License.
 */
/*
 * Regression test for issue #2450.
 *
 * A GENERATED ALWAYS ... STORED column (or any user-added column) on a label
 * table adds an attribute AGE's CREATE/MERGE/SET paths do not populate. The
 * slot's tuple descriptor is the full relation descriptor, so heap_form_tuple()
 * used to read the uninitialized slot entry and segfault. AGE now null-inits the
 * entity slot and computes stored generated columns before materializing the
 * tuple. Generated columns must be computed on insert and recomputed on update;
 * plain user columns must default to NULL rather than crash.
 */
LOAD 'age';
SET search_path TO ag_catalog;
SELECT create_graph('generated_columns');
NOTICE:  graph "generated_columns" has been created
CONTEXT:  referenced column: create_graph
 create_graph 
--------------
 
(1 row)

--
-- GENERATED ALWAYS ... STORED column on a vertex label
--
SELECT create_vlabel('generated_columns', 'Product');
NOTICE:  VLabel "Product" has been created
CONTEXT:  referenced column: create_vlabel
 create_vlabel 
---------------
 
(1 row)

ALTER TABLE generated_columns."Product"
    ADD COLUMN category varchar(25)
    GENERATED ALWAYS AS (agtype_access_operator(properties, '"category"')) STORED;
-- CREATE: the generated column is computed from the new properties
SELECT * FROM cypher('generated_columns', $$
    CREATE (p:Product {category: 'disk', type: 'M1234'}) RETURN p
$$) AS (p agtype);
                                                    p                                                     
----------------------------------------------------------------------------------------------------------
 {"id": 844424930131969, "label": "Product", "properties": {"type": "M1234", "category": "disk"}}::vertex
(1 row)

-- CREATE where the generation expression yields NULL (no such key)
SELECT * FROM cypher('generated_columns', $$
    CREATE (p:Product {type: 'no-cat'}) RETURN p
$$) AS (p agtype);
                                           p                                           
---------------------------------------------------------------------------------------
 {"id": 844424930131970, "label": "Product", "properties": {"type": "no-cat"}}::vertex
(1 row)

-- MERGE also computes the generated column
SELECT * FROM cypher('generated_columns', $$
    MERGE (p:Product {category: 'merged'}) RETURN p
$$) AS (p agtype);
                                             p                                             
-------------------------------------------------------------------------------------------
 {"id": 844424930131971, "label": "Product", "properties": {"category": "merged"}}::vertex
(1 row)

-- MERGE again on the same pattern must MATCH (not re-insert); this exercises the
-- matched path where the slot is intentionally left uncleared (issue #2450)
SELECT * FROM cypher('generated_columns', $$
    MERGE (p:Product {category: 'merged'}) RETURN p
$$) AS (p agtype);
                                             p                                             
-------------------------------------------------------------------------------------------
 {"id": 844424930131971, "label": "Product", "properties": {"category": "merged"}}::vertex
(1 row)

-- SET recomputes the generated column from the updated properties
SELECT * FROM cypher('generated_columns', $$
    MATCH (p:Product {category: 'disk'}) SET p.category = 'ssd', p.note = 'x' RETURN p
$$) AS (p agtype);
                                                          p                                                           
----------------------------------------------------------------------------------------------------------------------
 {"id": 844424930131969, "label": "Product", "properties": {"note": "x", "type": "M1234", "category": "ssd"}}::vertex
(1 row)

-- The stored generated column always mirrors properties.category
SELECT category, properties FROM generated_columns."Product" ORDER BY category NULLS LAST;
 category |                    properties                     
----------+---------------------------------------------------
 "merged" | {"category": "merged"}
 "ssd"    | {"note": "x", "type": "M1234", "category": "ssd"}
          | {"type": "no-cat"}
(3 rows)

--
-- GENERATED ALWAYS ... STORED column on an edge label
--
SELECT create_elabel('generated_columns', 'REL');
NOTICE:  ELabel "REL" has been created
CONTEXT:  referenced column: create_elabel
 create_elabel 
---------------
 
(1 row)

ALTER TABLE generated_columns."REL"
    ADD COLUMN kind varchar(25)
    GENERATED ALWAYS AS (agtype_access_operator(properties, '"kind"')) STORED;
SELECT * FROM cypher('generated_columns', $$
    CREATE (:Product {category: 'a'})-[r:REL {kind: 'link'}]->(:Product {category: 'b'})
    RETURN r
$$) AS (r agtype);
                                                                   r                                                                    
----------------------------------------------------------------------------------------------------------------------------------------
 {"id": 1125899906842625, "label": "REL", "end_id": 844424930131973, "start_id": 844424930131972, "properties": {"kind": "link"}}::edge
(1 row)

SELECT kind FROM generated_columns."REL";
  kind  
--------
 "link"
(1 row)

-- MERGE insert computes the generated edge column.
SELECT * FROM cypher('generated_columns', $$
    MATCH (a:Product {category: 'a'}), (b:Product {category: 'b'})
    MERGE (a)-[r:REL {kind: 'merged'}]->(b)
    RETURN r
$$) AS (r agtype);
                                                                    r                                                                     
------------------------------------------------------------------------------------------------------------------------------------------
 {"id": 1125899906842626, "label": "REL", "end_id": 844424930131973, "start_id": 844424930131972, "properties": {"kind": "merged"}}::edge
(1 row)

-- A repeated MERGE must match the existing edge without materializing a new slot.
SELECT * FROM cypher('generated_columns', $$
    MATCH (a:Product {category: 'a'}), (b:Product {category: 'b'})
    MERGE (a)-[r:REL {kind: 'merged'}]->(b)
    RETURN r
$$) AS (r agtype);
                                                                    r                                                                     
------------------------------------------------------------------------------------------------------------------------------------------
 {"id": 1125899906842626, "label": "REL", "end_id": 844424930131973, "start_id": 844424930131972, "properties": {"kind": "merged"}}::edge
(1 row)

-- SET rebuilds the full edge slot and recomputes the generated column.
SELECT * FROM cypher('generated_columns', $$
    MATCH ()-[r:REL {kind: 'link'}]->()
    SET r.kind = 'updated', r.note = 'edge-set'
    RETURN r
$$) AS (r agtype);
                                                                               r                                                                               
---------------------------------------------------------------------------------------------------------------------------------------------------------------
 {"id": 1125899906842625, "label": "REL", "end_id": 844424930131973, "start_id": 844424930131972, "properties": {"kind": "updated", "note": "edge-set"}}::edge
(1 row)

SELECT kind, properties
FROM generated_columns."REL"
ORDER BY kind;
   kind    |               properties                
-----------+-----------------------------------------
 "merged"  | {"kind": "merged"}
 "updated" | {"kind": "updated", "note": "edge-set"}
(2 rows)

--
-- Plain (non-generated) user column: must not crash; defaults to NULL
--
SELECT create_vlabel('generated_columns', 'Plain');
NOTICE:  VLabel "Plain" has been created
CONTEXT:  referenced column: create_vlabel
 create_vlabel 
---------------
 
(1 row)

ALTER TABLE generated_columns."Plain" ADD COLUMN tag text;
SELECT * FROM cypher('generated_columns', $$
    CREATE (p:Plain {n: 1}) RETURN p
$$) AS (p agtype);
                                     p                                      
----------------------------------------------------------------------------
 {"id": 1407374883553281, "label": "Plain", "properties": {"n": 1}}::vertex
(1 row)

SELECT * FROM cypher('generated_columns', $$
    MATCH (p:Plain) SET p.n = 2 RETURN p
$$) AS (p agtype);
                                     p                                      
----------------------------------------------------------------------------
 {"id": 1407374883553281, "label": "Plain", "properties": {"n": 2}}::vertex
(1 row)

SELECT properties, tag FROM generated_columns."Plain";
 properties | tag 
------------+-----
 {"n": 2}   | 
(1 row)

--
-- NOTE: The upstream Apache AGE suite also covers a generated column that
-- references the tableoid system column. openGauss forbids system columns in a
-- generation expression ("cannot use system column ... in column generation
-- expression"), so that PostgreSQL-specific case is intentionally omitted here.
--
--
-- Cleanup
--
SELECT drop_graph('generated_columns', true);
NOTICE:  drop cascades to 5 other objects
DETAIL:  drop cascades to table generated_columns._ag_label_vertex
drop cascades to table generated_columns._ag_label_edge
drop cascades to table generated_columns."Product"
drop cascades to table generated_columns."REL"
drop cascades to table generated_columns."Plain"
CONTEXT:  referenced column: drop_graph
NOTICE:  graph "generated_columns" has been dropped
CONTEXT:  referenced column: drop_graph
 drop_graph 
------------
 
(1 row)

