/*
 * Licensed to the Apache Software Foundation (ASF) under one
 * or more contributor license agreements.  See the NOTICE file
 * distributed with this work for additional information
 * regarding copyright ownership.  The ASF licenses this file
 * to you under the Apache License, Version 2.0 (the
 * "License"); you may not use this file except in compliance
 * with the License.  You may obtain a copy of the License at
 *
 * http://www.apache.org/licenses/LICENSE-2.0
 *
 * Unless required by applicable law or agreed to in writing,
 * software distributed under the License is distributed on an
 * "AS IS" BASIS, WITHOUT WARRANTIES OR CONDITIONS OF ANY
 * KIND, either express or implied.  See the License for the
 * specific language governing permissions and limitations
 * under the License.
 */
LOAD 'age';
SET search_path TO ag_catalog;
SELECT create_graph('issue_369');
NOTICE:  graph "issue_369" has been created
CONTEXT:  referenced column: create_graph
 create_graph 
--------------
 
(1 row)

SELECT * from cypher('issue_369', $$ CREATE (a {x:1})-[:foo]->(b {x:2}),(c {x:3}) $$) as (v0 agtype);
 v0 
----
(0 rows)

SELECT * from cypher('issue_369', $$ MATCH ()-[a:foo]->(), (b {x:2}),(c {x:3}) MERGE (b)-[d:bar]->(c) RETURN d $$) as (v0 agtype);
                                                            v0                                                            
--------------------------------------------------------------------------------------------------------------------------
 {"id": 1125899906842625, "label": "bar", "end_id": 281474976710659, "start_id": 281474976710658, "properties": {}}::edge
(1 row)

SELECT * from cypher('issue_369', $$ MATCH (x)-[a:foo]->(), (b {x:2}),(c {x:3}) MERGE (b)-[d:bar]->(c) RETURN d $$) as (v0 agtype);
                                                            v0                                                            
--------------------------------------------------------------------------------------------------------------------------
 {"id": 1125899906842625, "label": "bar", "end_id": 281474976710659, "start_id": 281474976710658, "properties": {}}::edge
(1 row)

SELECT * from cypher('issue_369', $$ MATCH ()-[a:foo]->(y), (b {x:2}),(c {x:3}) MERGE (b)-[d:bar]->(c) RETURN d $$) as (v0 agtype);
                                                            v0                                                            
--------------------------------------------------------------------------------------------------------------------------
 {"id": 1125899906842625, "label": "bar", "end_id": 281474976710659, "start_id": 281474976710658, "properties": {}}::edge
(1 row)

SELECT drop_graph('issue_369', true);
NOTICE:  drop cascades to 4 other objects
DETAIL:  drop cascades to table issue_369._ag_label_vertex
drop cascades to table issue_369._ag_label_edge
drop cascades to table issue_369.foo
drop cascades to table issue_369.bar
CONTEXT:  referenced column: drop_graph
NOTICE:  graph "issue_369" has been dropped
CONTEXT:  referenced column: drop_graph
 drop_graph 
------------
 
(1 row)

