/*
 * Licensed to the Apache Software Foundation (ASF) under one
 * or more contributor license agreements.  See the NOTICE file
 * distributed with this work for additional information
 * regarding copyright ownership.  The ASF licenses this file
 * to you under the Apache License, Version 2.0 (the
 * "License"); you may not use this file except in compliance
 * with the License.  You may obtain a copy of the License at
 *
 * http://www.apache.org/licenses/LICENSE-2.0
 *
 * Unless required by applicable law or agreed to in writing,
 * software distributed under the License is distributed on an
 * "AS IS" BASIS, WITHOUT WARRANTIES OR CONDITIONS OF ANY
 * KIND, either express or implied.  See the License for the
 * specific language governing permissions and limitations
 * under the License.
 */
LOAD 'age';
SET search_path TO ag_catalog;
SELECT create_graph('pgvector');
NOTICE:  graph "pgvector" has been created
CONTEXT:  referenced column: create_graph
 create_graph 
--------------
 
(1 row)

SELECT typname
FROM pg_type
WHERE typname IN ('vector', 'halfvec', 'sparsevec')
ORDER BY typname;
  typname  
-----------
 halfvec
 sparsevec
 vector
(3 rows)

SELECT * FROM cypher('pgvector', $$ RETURN [1.22, 2.22, 3.33]::vector $$) AS (n vector);
        n         
------------------
 [1.22,2.22,3.33]
(1 row)

SELECT * FROM cypher('pgvector', $$ RETURN [1.22, 2.22, 3.33]::halfvec $$) AS (n halfvec);
                n                
---------------------------------
 [1.2197266,2.2207031,3.3300781]
(1 row)

SELECT * FROM cypher('pgvector', $$ RETURN [1.22, 2.22, 3.33]::sparsevec $$) AS (n sparsevec);
            n             
--------------------------
 {1:1.22,2:2.22,3:3.33}/3
(1 row)

SELECT * FROM cypher('pgvector', $$ RETURN "[1.22,2.22,3.33]"::vector $$) AS (n vector);
        n         
------------------
 [1.22,2.22,3.33]
(1 row)

SELECT * FROM cypher('pgvector', $$ RETURN [1.22, 2.22, 3.33]::vector $$) AS (n vector(2));
        n         
------------------
 [1.22,2.22,3.33]
(1 row)

SELECT * FROM cypher('pgvector', $$ RETURN [1, 2, 3]::vector <-> [1, 1, 1]::vector $$) AS (distance float8);
     distance     
------------------
 2.23606797749979
(1 row)

SELECT * FROM cypher('pgvector', $$ RETURN [1, 2, 3]::vector <#> [1, 1, 1]::vector $$) AS (distance float8);
 distance 
----------
       -6
(1 row)

SELECT * FROM cypher('pgvector', $$ RETURN [1, 2, 3]::vector <=> [1, 1, 1]::vector $$) AS (distance float8);
     distance      
-------------------
 .0741799002274486
(1 row)

SELECT * FROM cypher('pgvector', $$ RETURN [1, 2, 3]::vector <+> [1, 1, 1]::vector $$) AS (distance float8);
 distance 
----------
        3
(1 row)

SELECT * FROM cypher('pgvector', $$ RETURN [1, 2, 3]::halfvec <-> [1, 1, 1]::halfvec $$) AS (distance float8);
     distance     
------------------
 2.23606797749979
(1 row)

SELECT * FROM cypher('pgvector', $$ RETURN [1, 2, 3]::sparsevec <-> [1, 1, 1]::sparsevec $$) AS (distance float8);
     distance     
------------------
 2.23606797749979
(1 row)

SELECT * FROM cypher('pgvector', $$ RETURN [1, 2, 3]::vector + [4, 5, 6]::vector $$) AS (result vector);
 result  
---------
 [5,7,9]
(1 row)

SELECT * FROM cypher('pgvector', $$ RETURN [1, 2, 3]::vector - [4, 5, 6]::vector $$) AS (result vector);
   result   
------------
 [-3,-3,-3]
(1 row)

SELECT * FROM cypher('pgvector', $$ RETURN [1, 2, 3]::vector * [4, 5, 6]::vector $$) AS (result vector);
  result   
-----------
 [4,10,18]
(1 row)

SELECT * FROM cypher('pgvector', $$ RETURN [1, 2, 3]::vector || [4, 5]::vector $$) AS (result vector);
   result    
-------------
 [1,2,3,4,5]
(1 row)

SELECT * FROM cypher('pgvector', $$ RETURN [1, 2, 3]::vector = [1, 2, 3]::vector $$) AS (result boolean);
 result 
--------
 t
(1 row)

SELECT * FROM cypher('pgvector', $$ RETURN [1, 2, 3]::vector <> [1, 2, 4]::vector $$) AS (result boolean);
 result 
--------
 t
(1 row)

SELECT * FROM cypher('pgvector', $$ RETURN [1, 2, 3]::vector < [1, 2, 4]::vector $$) AS (result boolean);
 result 
--------
 t
(1 row)

SELECT * FROM cypher('pgvector', $$ RETURN [1, 2, 3]::vector <= [1, 2, 3]::vector $$) AS (result boolean);
 result 
--------
 t
(1 row)

SELECT * FROM cypher('pgvector', $$ RETURN [1, 2, 4]::vector > [1, 2, 3]::vector $$) AS (result boolean);
 result 
--------
 t
(1 row)

SELECT * FROM cypher('pgvector', $$ RETURN [1, 2, 4]::vector >= [1, 2, 4]::vector $$) AS (result boolean);
 result 
--------
 t
(1 row)

SELECT * FROM cypher('pgvector', $$ RETURN [1, 2, 3]::halfvec + [4, 5, 6]::halfvec $$) AS (result halfvec);
 result  
---------
 [5,7,9]
(1 row)

SELECT * FROM cypher('pgvector', $$ RETURN [1, 2, 3]::halfvec - [4, 5, 6]::halfvec $$) AS (result halfvec);
   result   
------------
 [-3,-3,-3]
(1 row)

SELECT * FROM cypher('pgvector', $$ RETURN [1, 2, 3]::halfvec * [4, 5, 6]::halfvec $$) AS (result halfvec);
  result   
-----------
 [4,10,18]
(1 row)

SELECT * FROM cypher('pgvector', $$ RETURN [1, 2, 3]::halfvec || [4, 5]::halfvec $$) AS (result halfvec);
   result    
-------------
 [1,2,3,4,5]
(1 row)

SELECT * FROM cypher('pgvector', $$ RETURN [1, 2, 3]::halfvec = [1, 2, 3]::halfvec $$) AS (result boolean);
 result 
--------
 t
(1 row)

SELECT * FROM cypher('pgvector', $$ RETURN [1, 2, 3]::halfvec <> [1, 2, 4]::halfvec $$) AS (result boolean);
 result 
--------
 t
(1 row)

SELECT * FROM cypher('pgvector', $$ RETURN [1, 2, 3]::halfvec < [1, 2, 4]::halfvec $$) AS (result boolean);
 result 
--------
 t
(1 row)

SELECT * FROM cypher('pgvector', $$ RETURN [1, 2, 3]::halfvec <= [1, 2, 3]::halfvec $$) AS (result boolean);
 result 
--------
 t
(1 row)

SELECT * FROM cypher('pgvector', $$ RETURN [1, 2, 4]::halfvec > [1, 2, 3]::halfvec $$) AS (result boolean);
 result 
--------
 t
(1 row)

SELECT * FROM cypher('pgvector', $$ RETURN [1, 2, 4]::halfvec >= [1, 2, 4]::halfvec $$) AS (result boolean);
 result 
--------
 t
(1 row)

SELECT * FROM cypher('pgvector', $$ RETURN [1, 2, 3]::sparsevec <#> [1, 1, 1]::sparsevec $$) AS (distance float8);
 distance 
----------
       -6
(1 row)

SELECT * FROM cypher('pgvector', $$ RETURN [1, 2, 3]::sparsevec <=> [1, 1, 1]::sparsevec $$) AS (distance float8);
     distance      
-------------------
 .0741799002274486
(1 row)

SELECT * FROM cypher('pgvector', $$ RETURN [1, 2, 3]::sparsevec <+> [1, 1, 1]::sparsevec $$) AS (distance float8);
 distance 
----------
        3
(1 row)

SELECT * FROM cypher('pgvector', $$ RETURN [1, 2, 3]::sparsevec = [1, 2, 3]::sparsevec $$) AS (result boolean);
 result 
--------
 t
(1 row)

SELECT * FROM cypher('pgvector', $$ RETURN [1, 2, 3]::sparsevec <> [1, 2, 4]::sparsevec $$) AS (result boolean);
 result 
--------
 t
(1 row)

SELECT * FROM cypher('pgvector', $$ RETURN [1, 2, 3]::sparsevec < [1, 2, 4]::sparsevec $$) AS (result boolean);
 result 
--------
 t
(1 row)

SELECT * FROM cypher('pgvector', $$ RETURN [1, 2, 3]::sparsevec <= [1, 2, 3]::sparsevec $$) AS (result boolean);
 result 
--------
 t
(1 row)

SELECT * FROM cypher('pgvector', $$ RETURN [1, 2, 4]::sparsevec > [1, 2, 3]::sparsevec $$) AS (result boolean);
 result 
--------
 t
(1 row)

SELECT * FROM cypher('pgvector', $$ RETURN [1, 2, 4]::sparsevec >= [1, 2, 4]::sparsevec $$) AS (result boolean);
 result 
--------
 t
(1 row)

SELECT * FROM cypher('pgvector', $$ RETURN vector_dims([1, 2, 3]::vector) $$) AS (dims int);
 dims 
------
    3
(1 row)

SELECT * FROM cypher('pgvector', $$ RETURN vector_norm([1, 2, 3]::vector) $$) AS (norm float8);
       norm       
------------------
 3.74165738677394
(1 row)

SELECT * FROM cypher('pgvector', $$ RETURN l2_normalize([3, 4]::vector) $$) AS (normalized vector);
 normalized 
------------
 [0.6,0.8]
(1 row)

SELECT * FROM cypher('pgvector', $$ RETURN subvector([1, 2, 3, 4]::vector, 2, 2) $$) AS (sub vector);
  sub  
-------
 [2,3]
(1 row)

SELECT * FROM cypher('pgvector', $$ RETURN binary_quantize([-1, 0, 1, 2]::vector) $$) AS (bits bit(4));
 bits 
------
 0011
(1 row)

SELECT * FROM cypher('pgvector', $$ RETURN vector_dims([1, 2, 3]::halfvec) $$) AS (dims int);
 dims 
------
    3
(1 row)

SELECT * FROM cypher('pgvector', $$ RETURN l2_normalize([3, 4]::halfvec) $$) AS (normalized halfvec);
       normalized       
------------------------
 [0.60009766,0.7998047]
(1 row)

SELECT * FROM cypher('pgvector', $$ RETURN subvector([1, 2, 3, 4]::halfvec, 2, 2) $$) AS (sub halfvec);
  sub  
-------
 [2,3]
(1 row)

SELECT * FROM cypher('pgvector', $$ RETURN binary_quantize([-1, 0, 1, 2]::halfvec) $$) AS (bits bit(4));
 bits 
------
 0011
(1 row)

SELECT * FROM cypher('pgvector', $$ RETURN l2_normalize([3, 4]::sparsevec) $$) AS (normalized sparsevec);
   normalized    
-----------------
 {1:0.6,2:0.8}/2
(1 row)

SELECT * FROM cypher('pgvector', $$ RETURN [1, 2, 3]::vector::halfvec $$) AS (n halfvec);
    n    
---------
 [1,2,3]
(1 row)

SELECT * FROM cypher('pgvector', $$ RETURN [1, 2, 3]::halfvec::vector $$) AS (n vector);
    n    
---------
 [1,2,3]
(1 row)

SELECT * FROM cypher('pgvector', $$ RETURN [1, 2, 3]::vector::sparsevec $$) AS (n sparsevec);
        n        
-----------------
 {1:1,2:2,3:3}/3
(1 row)

SELECT * FROM cypher('pgvector', $$ RETURN [1, 2, 3]::halfvec::sparsevec $$) AS (n sparsevec);
        n        
-----------------
 {1:1,2:2,3:3}/3
(1 row)

SELECT * FROM cypher('pgvector', $$ RETURN [1, 2, 3]::sparsevec::vector $$) AS (n vector);
    n    
---------
 [1,2,3]
(1 row)

SELECT * FROM cypher('pgvector', $$ RETURN [1, 2, 3]::sparsevec::halfvec $$) AS (n halfvec);
    n    
---------
 [1,2,3]
(1 row)

SELECT * FROM cypher('pgvector', $$ RETURN avg([1, 2, 3]::vector), sum([1, 2, 3]::vector) $$) AS (avg vector, sum vector);
   avg   |   sum   
---------+---------
 [1,2,3] | [1,2,3]
(1 row)

SELECT * FROM cypher('pgvector', $$ RETURN avg([1, 2, 3]::halfvec), sum([1, 2, 3]::halfvec) $$) AS (avg halfvec, sum halfvec);
   avg   |   sum   
---------+---------
 [1,2,3] | [1,2,3]
(1 row)

PREPARE pgvector_param_vector(agtype) AS
SELECT * FROM cypher('pgvector', $$ RETURN $embedding::vector, $embedding::halfvec, $embedding::sparsevec $$, $1)
AS (embedding vector, embedding_half halfvec, embedding_sparse sparsevec);
EXECUTE pgvector_param_vector('{"embedding": [1.1, 2.2, 3.3]}');
   embedding   |         embedding_half          |   embedding_sparse    
---------------+---------------------------------+-----------------------
 [1.1,2.2,3.3] | [1.0996094,2.1992188,3.3007812] | {1:1.1,2:2.2,3:3.3}/3
(1 row)

DEALLOCATE pgvector_param_vector;
SELECT * FROM cypher('pgvector', $$
    CREATE (:Movie {title: "The Matrix", embedding: [-0.07594558, 0.04081754, 0.29592122, -0.11921061]}),
           (:Movie {title: "The Terminator", embedding: [0.33666933, 0.18040994, -0.01075103, -0.11117851]})
$$) AS (result agtype);
 result 
--------
(0 rows)

SELECT * FROM cypher('pgvector', $$
    MATCH (m:Movie)
    RETURN m.title, m.embedding::vector, m.embedding::halfvec, m.embedding::sparsevec
    ORDER BY m.title
$$) AS (title agtype, embedding vector, embedding_half halfvec, embedding_sparse sparsevec);
      title       |                    embedding                    |                  embedding_half                   |                     embedding_sparse                      
------------------+-------------------------------------------------+---------------------------------------------------+-----------------------------------------------------------
 "The Matrix"     | [-0.07594558,0.04081754,0.2959212,-0.11921061]  | [-0.075927734,0.04083252,0.29589844,-0.11920166]  | {1:-0.07594558,2:0.04081754,3:0.2959212,4:-0.11921061}/4
 "The Terminator" | [0.33666933,0.18040994,-0.01075103,-0.11117851] | [0.33666992,0.18041992,-0.010749817,-0.111206055] | {1:0.33666933,2:0.18040994,3:-0.01075103,4:-0.11117851}/4
(2 rows)

SELECT * FROM cypher('pgvector', $$
    MATCH (m:Movie)
    RETURN m.title, m.embedding::vector <-> [-0.1, 0.05, 0.3, -0.12]::vector AS distance
    ORDER BY distance
$$) AS (title agtype, distance float8);
      title       |     distance      
------------------+-------------------
 "The Matrix"     | .0260805035367666
 "The Terminator" |   .55166193036162
(2 rows)

SELECT * FROM cypher('pgvector', $$
    MATCH (m:Movie)
    RETURN avg(m.embedding::vector), sum(m.embedding::vector)
$$) AS (avg vector, sum vector);
                      avg                       |                      sum                       
------------------------------------------------+------------------------------------------------
 [0.13036187,0.11061374,0.14258508,-0.11519456] | [0.26072374,0.22122748,0.28517017,-0.23038912]
(1 row)

SELECT * FROM cypher('pgvector', $$
    MATCH (m:Movie)
    RETURN avg(m.embedding::halfvec), sum(m.embedding::halfvec)
$$) AS (avg halfvec, sum halfvec);
                      avg                      |                     sum                      
-----------------------------------------------+----------------------------------------------
 [0.1303711,0.1105957,0.14257812,-0.115234375] | [0.2607422,0.2211914,0.28515625,-0.23046875]
(1 row)

SELECT * FROM cypher('pgvector', $$
    MATCH (m:Movie)
    WHERE false
    RETURN avg(m.embedding::vector), sum(m.embedding::vector)
$$) AS (avg vector, sum vector);
 avg | sum 
-----+-----
     | 
(1 row)

SELECT * FROM cypher('pgvector', $$
    MATCH (m:Movie)
    WHERE false
    RETURN avg(m.embedding::halfvec), sum(m.embedding::halfvec)
$$) AS (avg halfvec, sum halfvec);
 avg | sum 
-----+-----
     | 
(1 row)

CREATE INDEX movie_embedding_hnsw_l2_idx ON pgvector."Movie"
USING hnsw (((ag_catalog.agtype_to_vector(ag_catalog.agtype_access_operator(properties, '"embedding"'::agtype)))::vector(4)) vector_l2_ops)
WITH (m = 4, ef_construction = 10);
CREATE INDEX movie_embedding_ivfflat_l2_idx ON pgvector."Movie"
USING ivfflat (((ag_catalog.agtype_to_vector(ag_catalog.agtype_access_operator(properties, '"embedding"'::agtype)))::vector(4)) vector_l2_ops)
WITH (lists = 1);
CREATE INDEX movie_embedding_diskann_l2_idx ON pgvector."Movie"
USING diskann (((ag_catalog.agtype_to_vector(ag_catalog.agtype_access_operator(properties, '"embedding"'::agtype)))::vector(4)) vector_l2_ops);
SELECT ag_catalog.agtype_access_operator(properties, '"title"'::agtype) AS title
FROM pgvector."Movie"
ORDER BY ((ag_catalog.agtype_to_vector(ag_catalog.agtype_access_operator(properties, '"embedding"'::agtype)))::vector(4)
          <-> '[-0.1,0.05,0.3,-0.12]'::vector)
LIMIT 2;
      title       
------------------
 "The Matrix"
 "The Terminator"
(2 rows)

DROP INDEX pgvector.movie_embedding_diskann_l2_idx;
DROP INDEX pgvector.movie_embedding_ivfflat_l2_idx;
DROP INDEX pgvector.movie_embedding_hnsw_l2_idx;
SELECT drop_graph('pgvector', true);
NOTICE:  drop cascades to 3 other objects
DETAIL:  drop cascades to table pgvector._ag_label_vertex
drop cascades to table pgvector._ag_label_edge
drop cascades to table pgvector."Movie"
CONTEXT:  referenced column: drop_graph
NOTICE:  graph "pgvector" has been dropped
CONTEXT:  referenced column: drop_graph
 drop_graph 
------------
 
(1 row)

