/*
 * Explicit extension ABI allowlist: only the SQL-callable C entry
 * points, their fmgr info functions, and the module lifecycle symbols
 * stay dynamic. Everything else is local so host symbols can never
 * interpose on AGE internals and AGE can never interpose on the host.
 */
{
    global:
        Pg_magic_func;
        _PG_init;
        _PG_fini;
        pg_finfo_*;
        age_abs;
        age_acos;
        age_agtype_float8_accum;
        age_agtype_larger_aggtransfn;
        age_agtype_smaller_aggtransfn;
        age_agtype_sum;
        age_all_shortest_paths;
        age_asin;
        age_atan;
        age_atan2;
        age_build_vle_match_edge;
        age_ceil;
        age_collect_aggfinalfn;
        age_collect_aggtransfn;
        age_cos;
        age_cot;
        age_create_barbell_graph;
        age_date_part;
        age_degrees;
        age_delete_global_graphs;
        age_e;
        age_end_id;
        age_endnode;
        age_eq_tilde;
        age_exists;
        age_exp;
        age_float8_stddev_pop_aggfinalfn;
        age_float8_stddev_samp_aggfinalfn;
        age_floor;
        age_graph_exists;
        age_graph_stats;
        _agehash_self_test;
        age_head;
        age_id;
        _age_invalidate_graph_cache;
        age_invalidate_graph_cache;
        age_isempty;
        age_is_valid_label_name;
        age_keys;
        age_label;
        age_labels;
        age_last;
        age_left;
        age_length;
        age_log;
        age_log10;
        age_ltrim;
        age_match_two_vle_edges;
        age_match_vle_edge_to_id_qual;
        age_match_vle_terminal_edge;
        age_match_vle_terminal_edge_arr;
        age_materialize_vle_edges;
        age_materialize_vle_edges_arr;
        age_materialize_vle_path;
        _ag_enforce_edge_uniqueness;
        _ag_enforce_edge_uniqueness2;
        _ag_enforce_edge_uniqueness3;
        _ag_enforce_edge_uniqueness4;
        age_nodes;
        age_percentile_aggtransfn;
        age_percentile_cont_aggfinalfn;
        age_percentile_disc_aggfinalfn;
        age_pi;
        age_prepare_cypher;
        age_properties;
        age_radians;
        age_rand;
        age_range;
        age_reduce_item;
        age_reduce_size;
        age_reduce_transfn;
        age_relationships;
        age_replace;
        age_reverse;
        age_right;
        age_round;
        age_rtrim;
        age_shortest_path;
        age_sign;
        age_sin;
        age_size;
        age_split;
        age_sqrt;
        age_start_id;
        age_startnode;
        age_substring;
        age_tail;
        age_tan;
        age_timestamp;
        age_toboolean;
        age_tobooleanlist;
        age_tofloat;
        age_tofloatlist;
        age_tointeger;
        age_tointegerlist;
        age_tolower;
        age_tostring;
        age_tostringlist;
        age_toupper;
        age_trim;
        age_type;
        age_unnest;
        age_vertex_stats;
        age_vle;
        agtype_access_operator;
        agtype_access_slice;
        agtype_add;
        agtype_any_add;
        agtype_any_div;
        agtype_any_eq;
        agtype_any_ge;
        agtype_any_gt;
        agtype_any_le;
        agtype_any_lt;
        agtype_any_mod;
        agtype_any_mul;
        agtype_any_ne;
        agtype_any_sub;
        agtype_array_element;
        agtype_array_element_text;
        agtype_array_to_agtype;
        agtype_btree_cmp;
        _agtype_build_edge;
        agtype_build_list;
        agtype_build_list_noargs;
        agtype_build_map;
        agtype_build_map_noargs;
        agtype_build_map_nonull;
        _agtype_build_path;
        _agtype_build_vertex;
        agtype_concat;
        agtype_contained_by;
        agtype_contained_by_top_level;
        agtype_contains;
        agtype_contains_top_level;
        agtype_div;
        agtype_eq;
        agtype_exists;
        agtype_exists_agtype;
        agtype_exists_all;
        agtype_exists_all_agtype;
        agtype_exists_any;
        agtype_exists_any_agtype;
        agtype_extract_path;
        agtype_extract_path_text;
        agtype_ge;
        agtype_gt;
        agtype_hash_cmp;
        agtype_in;
        agtype_in_operator;
        agtype_le;
        agtype_lt;
        agtype_mod;
        agtype_mul;
        agtype_ne;
        agtype_neg;
        agtype_object_field;
        agtype_object_field_agtype;
        agtype_object_field_text;
        agtype_object_field_text_agtype;
        agtype_out;
        agtype_pow;
        agtype_recv;
        agtype_send;
        agtype_string_match_contains;
        agtype_string_match_ends_with;
        agtype_string_match_starts_with;
        agtype_sub;
        agtype_to_bool;
        agtype_to_float8;
        agtype_to_graphid;
        agtype_to_halfvec;
        agtype_to_int2;
        agtype_to_int4;
        agtype_to_int4_array;
        agtype_to_int8;
        agtype_to_json;
        agtype_to_sparsevec;
        agtype_to_text;
        agtype_to_vector;
        agtype_typecast_bool;
        agtype_typecast_edge;
        agtype_typecast_float;
        agtype_typecast_int;
        agtype_typecast_numeric;
        agtype_typecast_path;
        agtype_typecast_vertex;
        agtype_volatile_wrapper;
        alter_graph;
        bool_to_agtype;
        create_complete_graph;
        create_elabel;
        create_graph;
        create_vlabel;
        cypher;
        _cypher_create_clause;
        _cypher_delete_clause;
        _cypher_merge_clause;
        _cypher_set_clause;
        _cypher_vle_clause;
        drop_graph;
        drop_label;
        edge_to_agtype;
        edge_to_json;
        edge_to_jsonb;
        _extract_label_id;
        float8_to_agtype;
        get_cypher_keywords;
        _get_vertex_by_graphid;
        gin_compare_agtype;
        gin_consistent_agtype;
        gin_extract_agtype;
        gin_extract_agtype_query;
        gin_triconsistent_agtype;
        _graphid;
        graphid_btree_cmp;
        graphid_btree_sort;
        graphid_eq;
        graphid_ge;
        graphid_gt;
        graphid_hash_cmp;
        graphid_in;
        graphid_le;
        graphid_lt;
        graphid_ne;
        graphid_out;
        graphid_recv;
        graphid_send;
        graphid_to_agtype;
        int4_to_agtype;
        int8_to_agtype;
        jsonb_to_agtype;
        _label_id;
        _label_name;
        load_edges_from_file;
        load_edges_from_file_with_analysefile;
        load_labels_from_file;
        load_labels_from_file_with_analysefile;
        _property_constraint_check;
        text_to_agtype;
        vertex_to_agtype;
        vertex_to_json;
        vertex_to_jsonb;
    local:
        *;
};
